<html>
<body>
<pre>
<h1>µVision Build Log</h1>
<h2>Tool Versions:</h2>
IDE-Version: ¦ÌVision V5.40.0.0
Copyright (C) 2024 ARM Ltd and ARM Germany GmbH. All rights reserved.
License Information: Chris Wen, Shandong University, LIC=VGXG8-3QTCL-VEBHA-13XIB-P31T8-XLMFJ
 
Tool Versions:
Toolchain:       MDK-ARM Plus  Version: 5.40.0.3
Toolchain Path:  D:\0MySoftware\keil-arm\keil_v5\ARM\ARMCC\Bin
C Compiler:      Armcc.exe V5.06 update 7 (build 960)
Assembler:       Armasm.exe V5.06 update 7 (build 960)
Linker/Locator:  ArmLink.exe V5.06 update 7 (build 960)
Library Manager: ArmAr.exe V5.06 update 7 (build 960)
Hex Converter:   FromElf.exe V5.06 update 7 (build 960)
CPU DLL:         SARMCM3.DLL V5.40.0.3
Dialog DLL:      DCM.DLL V1.17.5.0
Target DLL:      UL2CM3.DLL V1.164.11.0
Dialog DLL:      TCM.DLL V1.56.4.0
 
<h2>Project:</h2>
D:\desktop\Smart-Home-project\stm32f103.uvprojx
Project File Date:  12/07/2024

<h2>Output:</h2>
*** Using Compiler 'V5.06 update 7 (build 960)', folder: 'D:\0MySoftware\keil-arm\keil_v5\ARM\ARMCC\Bin'
Build target 'STM32F103'
compiling main.c...
user\main.c(158): warning:  #177-D: variable "i"  was declared but never referenced
  		u16 i=0;  
user\main.c(159): warning:  #177-D: variable "fx"  was declared but never referenced
  	u8 fx=0;
user\main.c(163): warning:  #177-D: variable "key"  was declared but never referenced
  	u8 key = 0;
user\main.c: 3 warnings, 0 errors
linking...
Program Size: Code=49386 RO-data=20202 RW-data=92 ZI-data=6820  
FromELF: creating hex file...
".\output\stm32f103.axf" - 0 Error(s), 3 Warning(s).

<h2>Software Packages used:</h2>

Package Vendor: ARM
                https://www.keil.com/pack/ARM.CMSIS.6.1.0.pack
                ARM::CMSIS@6.1.0
                CMSIS (Common Microcontroller Software Interface Standard)
   * Component: CORE Version: 6.1.0

Package Vendor: Keil
                https://www.keil.com/pack/Keil.STM32F1xx_DFP.2.4.1.pack
                Keil::STM32F1xx_DFP@2.4.1
                STMicroelectronics STM32F1 Series Device Support, Drivers and Examples

<h2>Collection of Component include folders:</h2>
  ./RTE/_STM32F103
  D:/0MySoftware/keil-arm/Packs/ARM/CMSIS/6.1.0/CMSIS/Core/Include
  D:/0MySoftware/keil-arm/Packs/Keil/STM32F1xx_DFP/2.4.1/Device/Include

<h2>Collection of Component Files used:</h2>

   * Component: ARM::CMSIS:CORE@6.1.0
Build Time Elapsed:  00:00:02
</pre>
</body>
</html>
